 < BLOCK>
THHNK mu m C g1) 

 < BLOCK>
’ﬂsnI/ /Iotf' 

 < BLOCK>
1.12-— at) 

 < BLOCK>
VNkurrnar tit- 

 < BLOCK>
Save money. Live better. 

 < BLOCK>
( 970 ) 565 ~ 6138 
MRNHGER RUN KNEZEK 
1835 E MHIN ST 
CDRTEZ CO 81321 
81% 0966 0P0 00001412 TE# 02 TR“ 06595 

 < BLOCK>
BHTTERIES 001280051613 7.97 X 
SUBTDTHL 7.9? 
THX 1 6.950 X 0.55 
TDTHL 8.52 
VISH TEND 8.52 
HCCUUNT II **** **** **** 3434 S 

 < BLOCK>
ﬁPPROVﬁL I 022332 

REF # 208200131877 

IRﬂNS ID ~ 0082082746301853 
VHLIDHTION ~ N239 

PAYMENT SERVICE ~ E 
TERMINHL 0 42026837 

 < BLOCK>
03/22/12 14:43:58 
CHHNGE DUE 0.00 

 < BLOCK>
11 ITEMS S10LD 1 

 < BLOCK>
IIIIIIIIIIIIIIIIIIIIIII III IIIIIIII III III IIIIIIIIIIIIIIIIIIIIIII 

 < BLOCK>
Illa nar‘r .com Iod as: For 
Free8 shipping uIIh SlIe In SIore 
03/22/12 14:43:59 

 < BLOCK>
***CUSTOHER CDPY*** 

 < BLOCK>
  

 < BLOCK>
  

 < BLOCK>
  

 < BLOCK>
  

 < BLOCK>
  

 < BLOCK>
  

 < BLOCK>
  

 < BLOCK>
  

 < BLOCK>
  

 < BLOCK>
  

 < BLOCK>
  

 < BLOCK>
  

 < BLOCK>
  

 < BLOCK>
  

 < BLOCK>
  

 < BLOCK>
  

 < BLOCK>
  

 < BLOCK>
  

 < BLOCK>
  

